border_size=1
usage=map

Wwr         , Wwr         , Wwr         , Ww          , Ww          , Ww          , Ww          , Ww          , Ww          , Ww          , Ww          , Ww          , Ww          , Ww          , Ww          , Ww          , Ww          , Ww          , Ww          , Ww          , Ww          , Ww          , Ww          , Ww          , Ww          , Wwr         , Wwr         , Wwr         , Ds          , Dd          , Co          , Ko          , Co          , Dd          , Ds          , Ww          , Wo          , Wo          , Wo          , Wo          , Wo          , Wo          
Wwr         , Wwr         , Ww          , Ww          , Ww          , Ww          , Ds          , Ww          , Ww          , Ww          , Ww          , Ww          , Ww          , Ww          , Ww          , Ww          , Ww          , Ww          , Ww          , Ww          , Ww          , Ww          , Ww          , Ww          , Ww          , Ww          , Wwr         , Wwr         , Wwr         , Ds          , Dd          , Co          , Dd          , Ds          , Ww          , Ww          , Wo          , Wo          , Wo          , Wo          , Wo          , Wo          
Wo          , Wwr         , Ds          , Ds          , Ds          , Ds          , Ds          , Ds          , Ds          , Ds          , Ds          , Ww          , Ww          , Ww          , Ww          , Ww          , Wo          , Ww          , Wo          , Ww          , Ww          , Ww          , Ww          , Ww          , Ww          , Ww          , Ww          , Wwr         , Wwr         , Ds          , Ds          , Ds          , Ds          , Ds          , Ww          , Ww          , Wo          , Wo          , Wo          , Wo          , Wo          , Wo          
Wo          , Wwr         , Hd          , Hd          , Hd          , Ds          , Ds^Esd      , Ds          , Ds^Vdt      , Ds^Edpp     , Ds^Edpp     , Ds          , Ds          , Wo          , Wo          , Wo          , Wo          , Wo          , Wo          , Wo          , Wo          , Ww          , Wo          , Ww          , Wo          , Ww          , Ww          , Wwr         , Ww          , Ww          , Ww          , Ww          , Ww          , Ww          , Wo          , Wo          , Wo          , Wo          , Wo          , Wo          , Wo          , Wo          
Wo          , Wo          , Wo          , Hd          , Hd          , Hd          , Hd          , Hd^Vdt      , Hd^Ecf      , Dd^Vdt      , Hd^Edpp     , Hd          , Hd          , Ds          , Ds          , Ds          , Ds          , Ds          , Ds          , Wo          , Wo          , Wo          , Wo          , Wo          , Wo          , Wo          , Wo          , Ww          , Ww          , Ww          , Ww          , Ww          , Wo          , Wo          , Wo          , Wo          , Wo          , Wo          , Wo          , Wo          , Wo          , Wo          
Wo          , Wo          , Wo          , Ww          , Ww          , Hd          , Hd          , Hd^Vdt      , Hd^Vdt      , Hd^Vdt      , Hd^Edpp     , Hd          , Hd          , Hd          , Hd          , Ds^Esd      , Ds^Esd      , Ds          , Ds          , Wo          , Wo          , Wo          , Wo          , Wo          , Wo          , Wo          , Wo          , Wo          , Ww          , Ww          , Ww          , Wo          , Wo          , Wo          , Wo          , Wo          , Ww          , Ww          , Wo          , Wo          , Wo          , Wo          
Wo          , Wo          , Wo          , Wo          , Wo          , Ww          , Ww          , Ds          , Ds          , Ds          , Ds          , Ds          , Hd          , Hd          , Hd          , Hd          , Hd          , Ds^Esd      , Ds          , Ds          , Ww          , Ww          , Ww          , Wo          , Wo          , Wo          , Wo          , Wo          , Wo          , Ww          , Ww          , Wo          , Wo          , Wo          , Ww          , Ww          , Ww          , Ww          , Wo          , Wo          , Wo          , Wo          
Wo          , Mm          , Mm          , Wo          , Md          , Wo          , Ww          , Ww          , Ww          , Ww          , Ww          , Ds          , Ds          , Hd          , Hd          , Hd          , Hd          , Hd          , Hd          , Ds          , Hd          , Ds          , Ds          , Ww          , Ww          , Wo          , Wo          , Wo          , Wo          , Ww          , Ww          , Ww          , Ww          , Wo          , Wo          , Ww          , Ww          , Ww          , Wo          , Wo          , Wo          , Wo          
Wo          , Mm          , Md^Xm       , Md^Xm       , Md^Xm       , Md          , Ds^Ft       , Ww          , Ww          , Ww          , Ww          , Ds          , Ds          , Hd          , Hd          , Hd          , Hd          , Hd          , Hd          , Hd          , Hd          , Hd          , Hd          , Ds          , Ww          , Ww          , Wo          , Wo          , Wo          , Wo          , Wo          , Ww          , Ww          , Wo          , Wo          , Wo          , Wo          , Wo          , Wo          , Wo          , Wo          , Wo          
Wo          , Md^Xm       , Md^Xm       , Mm^Xm       , Md^Xm       , Md          , Ds^Ft       , Ds^Ft       , Dd^Do       , Ww          , Ww          , Ww          , Ww          , Hd          , Md          , Md          , Hd          , Hd          , Hd          , Hd          , Ww          , Hd          , Ww          , Ww          , Wo          , Wo          , Wo          , Wo          , Wo          , Wo          , Wo          , Ww          , Ww          , Wo          , Wo          , Wo          , Wo          , Wo          , Wo          , Wo          , Wo          , Wo          
Wo          , Wo          , Wo          , Md^Xm       , Md^Xm       , Ds^Ft       , Ds^Ft       , Ds^Ft       , Ww          , Ww          , Wo          , Wo          , Wo          , Wo          , Md^Xm       , Md^Xm       , Wo          , Wo          , Wo          , Wo          , Wo          , Ww          , Wo          , Wo          , Wo          , Wo          , Wo          , Wo          , Wo          , Wo          , Wo          , Wwr         , Wwr         , Ww          , Ww          , Wo          , Wo          , Wo          , Wo          , Wo          , Wo          , Wo          
Wo          , Wo          , Wo          , Ss          , Ss          , Ss          , Wo          , Wo          , Wo          , Wo          , Wo          , Wo          , Wo          , Wo          , Wo          , Wo          , Wo          , Wo          , Wo          , Wo          , Wo          , Wo          , Wo          , Wo          , Wo          , Wo          , Ww          , Wo          , Wo          , Wo          , Wo          , Wo          , Wo          , Wwr         , Ww          , Wo          , Wo          , Wo          , Wo          , Wo          , Wo          , Wo          
Wo          , Wo          , Wo          , Wo          , Wo          , Wo          , Wo          , Wo          , Wo          , Wo          , Ww          , Ww          , Ww          , Wo          , Wo          , Wo          , Wo          , Wo          , Ww          , Ww          , Ww          , Wo          , Ww          , Ww          , Ww          , Ww          , Ww          , Hd          , Hd          , Hd          , Hd          , Wo          , Ww          , Wwr         , Ww          , Wo          , Wo          , Wo          , Wo          , Wo          , Wo          , Wo          
Ww          , Wo          , Wo          , Wo          , Ww          , Wo          , Ss          , Ss          , Ss          , Ww          , Gg          , Gg          , Gg          , Gg          , Gg^Efm      , Wo          , Gs^Ft       , Gg          , Gg          , Hh^Ft       , Hh^Ft       , Ww          , Ww          , Gs^Fp       , Ds          , Ds          , Hd          , Hd          , Hd          , Hd          , Hd          , Hd          , Ds          , Ww          , Ww          , Ww          , Ww          , Wo          , Wo          , Wo          , Wo          , Wo          
Ww          , Ww          , Ww          , Ww          , Ww          , Ww          , Ww          , Ss^Vhs      , Ww^Bw\      , Ww          , Gg          , Gg^Efm      , Gg          , Gg          , Gg          , Wo          , Ss          , Gg          , Gs^Ft       , Hh^Ft       , Hh^Ft       , Dd          , Mm          , Hh          , Gs^Fp       , Hh^Fdw      , Hd          , Ds          , Hd          , Hd          , Hd          , Hd          , Hd          , Ds          , Ds          , Ww          , Ww          , Ww          , Wo          , Wo          , Wo          , Wo          
Ss          , Ww          , Gs^Vl       , Gs          , Gs          , Ww          , Hh          , Ww          , Gs^Ft       , Gg          , Gg^Gvs      , Gg^Gvs      , Gg^Gvs      , Gg^Gvs      , Wo          , Wo          , Ss          , Gs^Ft       , Gg          , Hh^Ft       , Hh^Ft       , Hh          , Mm^Xm       , Hh          , Gg          , Hh^Fp       , Hh^Fp       , Hh          , Ds          , Ds          , Hd          , Hd          , Hd          , Ds          , Ds          , Ds          , Ww          , Ww          , Wo          , Wo          , Wo          , Wo          
Ww          , Sm          , Mm          , Gs          , Hh          , Ww          , Hh          , Hh^Ft       , Hh^Ft       , Gs^Ft       , Gg          , Gg^Gvs      , Gg          , Gg          , Wo          , Wo          , Wo          , Ss          , Ss          , Gg^Vht      , Hh^Ft       , Hh          , Mm^Xm       , Mm          , Hh^Fp       , Hh^Fp       , Hh^Fp       , Gs^Fp       , Gg          , Ds          , Ds          , Hd          , Dd^Vda      , Hd          , Ds          , Ds          , Ds          , Ww          , Ww          , Wo          , Wo          , Wo          
Ww          , Gs          , Mm          , Mm          , Mm          , Hh          , Mm          , Hh          , Hh          , Hh^Ft       , Gg          , Gg          , Wo          , Wo^Bw\      , Ch          , Ch          , Chs         , Wwr         , Gs^Ft       , Gs^Ft       , Hh          , Hh          , Wo          , Gs^Fp       , Ss          , Hh          , Hh^Fp       , Gs^Fp       , Gg          , Gg          , Rd          , Rd          , Ds          , Hd          , Hd          , Ds          , Ds          , Ds          , Ww          , Ww          , Wo          , Wo          
Mm          , Mm          , Mm          , Mm          , Mm          , Mm          , Mm          , Mm          , Hh          , Hh^Ft       , Hh          , Wo          , Gg          , Wo          , Ch          , 3 Khw       , Chw         , Wo          , Wo          , Ss          , Wo          , Wo          , Wo          , Wo          , Ss          , Ss          , Hh^Fp       , Gs^Fp       , Rd          , Rd          , Gg          , Ds          , Ds          , Hd          , Hd          , Ds          , Ds          , Ww          , Ds          , Ww          , Wo          , Wo          
Re          , Hh          , Re          , Mm          , Mm          , Mm          , Hh          , Hh          , Hh          , Hh          , Wwf         , Wwr         , Gg          , Wo          , Wo          , Wo          , Wo          , Wo          , Hh          , Wo          , Hh          , Wo          , Wo          , Wo          , Wwf         , Gs^Fp       , Gs^Fp       , Re          , Gs^Fp       , Gg          , Gg          , Gg          , Ds          , Ds          , Hd          , Ds          , Ds          , Ds          , Ds          , Ww          , Ww          , Wo          
Wwf         , Re          , Mm          , Ww^Bw\      , Re          , Re          , Wwf^Bw\     , Ww          , Ww          , Hh          , Ww          , Gg          , Hh          , Gg          , Gg          , Gg          , Gg          , Hh          , Hh^Fp       , Hh          , Wwr         , Wo          , Chs         , Wo          , Wo          , Ss          , Gs^Fp       , Re          , Ww          , Gs^Fp       , Gg          , Gg          , Gg          , Ds          , Ds          , Ds          , Ds          , Ds          , Ds          , Ds          , Ww          , Wo          
Wo          , Ww          , Mm          , Mm          , Ww          , Ww          , Ww          , Ww^Bw\      , Hh^Vhh      , Wwf^Fp      , Hh          , Hh          , Hh          , Hh          , Gg          , Gg          , Gg          , Gs^Fp       , Gs^Fp       , Ww          , Ww          , Chw         , Khw         , Wwf         , Wwf         , Gg          , Gg^Vh       , Wwf         , Gg          , Ww          , Ww          , Ww          , Ww          , Gg          , Ds          , Ds          , Ds          , Ds          , Ds          , Ds          , Ww          , Ww          
Wo          , Wo          , Wo          , Wwf         , Wo          , Wo          , Wo          , Ww          , Mm          , Hh          , Hh^Fp       , Hh          , Hh          , Hh^Fp       , Hh^Fp       , Gs^Fp       , Gg          , Gg          , Gs^Fp       , Ww          , Ww          , Chw         , Chw         , Wwf         , Ww          , Gg          , Gg          , Wwf         , Re          , Gg          , Gg          , Gs^Fp       , Gg^Ve       , Ww          , Ds          , Ds          , Ds          , Ds          , Ds          , Ww          , Ww          , Ww          
Wo          , Wo          , Wo          , Wo          , Wo          , Wo          , Wo          , Ww          , Mm          , Mm          , Ww^Fp       , Hh          , Hh          , Hh          , Hh          , Hh^Fp       , Gs^Fp       , Gg          , Gg          , Ww          , Ww          , Ww          , Ww          , Ww          , Gg          , Gg          , Ww          , Ww          , Gg          , Rd          , Rd          , Gg^Efm      , Gs^Fp       , Ww          , Ww          , Ds          , Ds          , Ds          , Ww          , Ww          , Ww          , Wo          
Mm^Ft       , Wo          , Wo          , Wo          , Wo          , Wo          , Ww          , Ww          , Wwf^Ft      , Ww          , Ww          , Ww          , Hh          , Hh          , Hh          , Hh^Fp       , Gs^Fp       , Gg          , Gg          , Gg          , Gg          , Gg          , Gg          , Ww          , Gg          , Gg          , Ww          , Ww          , Gg          , Gs^Fp       , Gg          , Rd          , Rd          , Gs^Fp       , Gs^Fp       , Ww          , Ww          , Ww          , Wwr         , Ww          , Wo          , Wo          
Wo^Ft       , Wo^Ft       , Mm^Ft       , Wo          , Wo^Ft       , Wo^Ft       , Hh^Ft       , Mm^Ft       , Mm^Ft       , Wwf^Ft      , Ww          , Ww          , Ww          , Hh          , Ww          , Hh          , Hh^Efm      , Gg^Efm      , Gg          , Gg          , Gg          , Gg          , Gg          , Gg          , Gg          , Ww          , Gg          , Gs^Fp       , Gs^Fp       , Gs^Fp       , Gs^Fp       , Gs^Fp       , Rd          , Gs^Fp       , Gg          , Ds          , Ww          , Ds          , Wwr         , Wo          , Wo          , Wo          
Wo^Ft       , Wo^Ft       , Wo^Ft       , Wo^Ft       , Mm^Ft       , Wo^Ft       , Mm          , Mm          , Mm^Ft       , Wwf         , Ww          , Ww          , Ww          , Ww          , Ww          , Hh^Ve       , Hh          , Hh^Efm      , Gg          , Gg          , Gg          , Gg          , Gg          , Gg          , Gs^Fp       , Ww          , Gs^Fp       , Gs^Fp       , Gs^Fp       , Gs^Fp       , Gs^Fp       , Gs^Fp       , Rd          , Gg          , Gg          , Gg          , Ww          , Ww          , Ww          , Wo          , Wo          , Ds          
Wwf^Ft      , Wwf^Ft      , Mm^Ft       , Mm^Ft       , Mm          , Mm          , Mm          , Mm          , Mm          , Wwf         , Wwf         , Wwf         , Ww          , Ww          , Hh^Fp       , Hh^Fp       , Hh          , Hh          , Gg          , Gg          , Ww          , Gg          , Gg          , Gg          , Ww          , Ww          , Gs^Fp       , Gg          , Gs^Fp       , Gs^Fp       , Gs^Fp       , Gs^Fp       , Co          , Gs^Fp       , Re          , Re          , Ds          , Ww          , Wo          , Wo          , Wo          , Ds          
Hh^Vhh      , Mm^Ft       , Mm          , Mm          , Mm          , Mm          , Mm          , Mm          , Mm          , Mm          , Wwf         , Ww          , Ww          , Ww          , Ww          , Hh^Fp       , Hh          , Hh          , Ww          , Ww          , Ww          , Ww          , Ww^Es       , Wwf         , Rr          , Ww^Es       , Gg          , Gg          , Gs^Fp       , Gs^Fp       , Gs^Fp       , Co          , 1 Ko        , Co          , Gg          , Gg          , Ds          , Ww          , Ww          , Wo          , Wo          , Wo          
Mm          , Mm          , Mm          , Mm          , Mm          , Mm          , Mm          , Mm          , Wwf         , Mm          , Wwf         , Ww          , Ww          , Mm          , Ww          , Ww          , Ww          , Ww          , Ww          , Ww          , Gg          , Ww          , Gg^Vh       , Rr          , Gs^Fp       , Rd          , Gs^Fp       , Gs^Fp       , Gs^Fp       , Gs^Fp       , Gs^Fp       , Co          , Rd          , Co          , Gg          , Gg          , Ds          , Ds          , Ww          , Wo          , Wo          , Wo          
Mm          , Mm          , Mm          , Mm          , Mm          , Mm          , Mm          , Wwf         , Mm^Vhh      , Wwf         , Mm          , Mm          , Ww^Es       , Ww          , Mm          , Hh          , Hh          , Hh          , Hh          , Gg          , Gg^Efm      , Gg          , Gg          , Gg^Efm      , Gs^Fp       , Rd          , Gs^Fp       , Gs^Fp       , Gs^Fp       , Gs^Fp       , Rd          , Rd          , Gg          , Gg          , Gg          , Dd          , Ds          , Ds          , Ww          , Wo          , Wo          , Wo          
Mm          , Mm          , Mm          , Mm          , Wo^Es       , Wo^Es       , Wo^Fts      , Wwf         , Mm          , Mm          , Mm          , Mm          , Mm          , Mm          , Mm          , Mm          , Hh          , Hh          , Hh          , Gg^Efm      , Gg^Gvs      , Gg^Gvs      , Gg^Gvs      , Gg          , Gs^Fp       , Rd          , Rd          , Gg          , Rd          , Rd          , Gs^Fp       , Gg          , Gg^Vh       , Gg          , Gg          , Gg          , Gg          , Ds          , Ww          , Wo          , Wo          , Wo          
Mm          , Mm          , Mm          , Wo^Es       , Wo          , Wo^Fts      , Mm^Ftr      , Mm          , Mm          , Mm          , Mm          , Mm          , Mm          , Mm          , Mm          , Mm          , Hh          , Hh          , Hh          , Gg^Gvs      , Gg^Gvs      , Gg^Gvs      , Gg^Gvs      , Gg          , Gs^Fp       , Gs^Fp       , Gs^Fp       , Rd          , Rd          , Gs^Fp       , Gs^Fp       , Gg          , Gg          , Gg^Efm      , Gg          , Gg          , Gg          , Ds          , Ds          , Ww          , Wo          , Wo          
Re          , Mm          , Wo          , Wo          , Wo          , Wo^Fts      , Mm^Ftr      , Mm          , Mm          , Mm          , Ww          , Mm          , Mm          , Mm          , Mm          , Mm          , Hh          , Hh          , Hh          , Gg^Gvs      , Gg^Gvs      , Gg^Gvs      , Gg^Gvs      , Gg          , Gs^Fp       , Gs^Fp       , Gs^Fp       , Gs^Fp       , Gs^Fp       , Rd          , Rd          , Gs^Fp       , Gg          , Gg          , Gg          , Gg          , Ds          , Ds          , Ds          , Ww          , Ww          , Wo          
Wo^Bh|      , Wo^Es       , Wo          , Mm^Xm       , Wo          , Wo          , Mm          , Mm          , Mm          , Mm          , Wo          , Wo          , Wo          , Mm          , Mm          , Mm          , Hh          , Hh          , Hh          , Hh          , Gg^Gvs      , Gg^Gvs      , Gg^Gvs      , Gg          , Gg          , Gs^Fp       , Gg          , Gs^Fp       , Gg          , Gs^Fp       , Rd          , Gg          , Gg          , Gg          , Gg          , Gg          , Ds          , Ds          , Ds          , Ww          , Ww          , Wo          
Wwf^Bw|     , Wo          , Wo          , Wo          , Mm          , Wo          , Wwf         , Wo          , Wo          , Wo          , Wo          , Mm          , Mm          , Wo          , Mm          , Mm          , Hh          , Hh          , Hh          , Hh          , Gg^Gvs      , Gg^Gvs      , Gg          , Gg          , Gg          , Gg          , Gg          , Gg          , Gg          , Gg          , Gg          , Rd          , Rd          , Gg          , Gg          , Gg          , Ds          , Ds          , Ww          , Ww          , Ww          , Wwr         
Mm^Bw/      , Wo^Es       , Mm          , Mm          , Mm          , Mm          , Mm          , Wo          , Wo          , Wo          , Mm          , Mm          , Mm          , Wo          , Mm          , Mm          , Hh          , Hh          , Wo          , Hh          , Gg          , Gg          , Ww          , Gg          , Wo          , Wo          , Wo          , Wo          , Wo          , Wo          , Wo          , Gs^Fds      , Gs^Fds      , Rd          , Gg          , Gg          , Ds          , Ds          , Ww          , Ww          , Ww          , Wwr         
Mm          , Mm          , Mm          , Mm          , Mm          , Mm          , Mm          , Mm          , Mm          , Mm          , Mm          , Mm          , Mm          , Wo          , Mm^Xm       , Ww          , Wo          , Wo          , Wo          , Gs^Fp       , Wo          , Gg^Efm      , Wo          , Wo          , Wwf         , Wo          , Gg          , Gg          , Gs^Fp       , Gs^Fp       , Wo          , Ss          , Gs^Fds      , Rd          , Rd          , Gg          , Ds          , Ds          , Ww          , Ww          , Wwr         , Wwr         
Wo          , Mm          , Mm          , Mm^Xm       , Mm^Xm       , Mm          , Mm          , Mm          , Mm          , Mm          , Mm          , Mm          , Mm          , Wo          , Wo          , Wo          , Hh          , Hh^Vhh      , Ww          , Wo          , Gs^Fp       , Wo          , Gs^Fp       , Gs^Fp       , Gg          , Gg^Vh       , Re          , Gg          , Gs^Fp       , Gg          , Gg          , Wo          , Gs^Fds      , Gs^Fds      , Rd          , Gs^Ft       , Gs^Ft       , Ds          , Ds          , Wwr         , Wo          , Wo          
Wo          , Wo          , Wo          , Mm          , Mm          , Mm          , Mm^Xm       , Mm^Xm       , Mm^Xm       , Mm          , Mm          , Mm          , Mm          , Mm          , Mm          , Mm          , Hh          , Hh          , Hh          , Gs^Fp       , Gs^Fp       , Gs^Fp       , Gg^Efm      , Gg^Efm      , Gg          , Re          , Re          , Gg          , Gg          , Gg          , Ss          , Wo          , Ss          , Gs^Ft       , Rd          , Gs^Ft       , Gs^Ft       , Ds          , Wwr         , Wwr         , Wo          , Wo          
Ch          , Wo          , Wo          , Wo          , Wo^Fts      , Wwf         , Wwf^Es      , Mm          , Mm          , Mm          , Mm          , Mm          , Mm          , Mm          , Mm          , Mm          , Hh          , Hh          , Hh          , Gs^Fp       , Gs^Fp       , Gg^Efm      , Gg^Efm      , Gg          , Gg          , Gg          , Re          , Gg^Efm      , Gg          , Gg          , Ss          , Wo          , Ss          , Gs^Ft       , Rd          , Gs^Ft       , Gs^Ft       , Ds          , Wo          , Wo          , Wo          , Wo          
Chw         , Wo^Bh\      , Wo^Bh\      , Wo          , Re          , Wo^Fts      , Mm          , Wwf^Es      , Mm^Vhh      , Mm          , Ww          , Mm          , Mm          , Mm          , Mm          , Mm          , Hh          , Hh          , Hh^Fp       , Gs^Fp       , Gs^Fp       , Gs^Fp       , Re^Gvs      , Re^Gvs      , Re^Gvs      , Gg          , Re          , Gg          , Gg          , Gg          , Ss          , Ss          , Ss          , Rd          , Gs^Ft       , Gs^Ft       , Wo          , Wo          , Wo          , Wo          , Wo          , Wo          
Wo          , Wo          , Wo          , Re          , Mm          , Re          , Re          , Wwf^Bh/     , Ww          , Ww          , Ww          , Ww          , Ww          , Mm          , Mm          , Hh          , Hh          , Hh^Fp       , Hh^Fp       , Gs^Fp       , Gg^Vl       , Re^Gvs      , Re^Gvs      , Re^Gvs      , Re          , Re          , Gg^Efm      , Gs^Fp       , Gg          , Ss          , Ss          , Ss          , Wo          , Wwf         , Wo          , Wo          , Ds          , Wo          , Wo          , Wo          , Wo          , Wo          
Wo          , Wo          , Wo          , Wo^Ftr      , Mm          , Mm          , Re          , Mm          , Mm          , Ww          , Ww          , Mm          , Ww          , Mm          , Mm          , Hh          , Hh          , Hh^Fp       , Gs^Fp       , Gs^Fp       , Gg          , Gg^Efm      , Re          , Re          , Gg          , Gg          , Gs^Fp       , Gs^Fp       , Gg          , Gg          , Ss          , Gs^Fp       , Gg          , Wo          , Wo          , Wo          , Ds          , Ww          , Wo          , Wo          , Wo          , Wo          
Wo          , Wo          , Wo          , Wo^Ftr      , Mm          , Re          , Mm          , Mm          , Mm          , Ww          , Mm          , Mm          , Ww          , Mm          , Mm          , Hh          , Hh          , Hh          , Ww          , Wwf         , Wwf         , Re          , Gg          , Gg          , Gs^Fp       , Gs^Fp       , Gs^Fp       , Gs^Fp       , Ss          , Ss          , Gs^Fp       , Gs^Fp       , Wo          , Wo          , Ds          , Ds          , Ds          , Ww          , Wo          , Wo          , Wo          , Wo          
Mm          , Wo          , Wo^Ewl      , Wo^Ftr      , Mm          , Re          , Re          , Mm          , Mm          , Mm          , Mm          , Mm          , Ww          , Mm          , Mm          , Hh          , Ww          , Ww          , Ww          , Gg          , Ww          , Gg          , Ww          , Gg          , Gg          , Gs^Fp       , Gs^Fp       , Gg          , Ss          , Gs^Fp       , Gg          , Gg          , Wo          , Gs^Ft       , Dd^Vdt      , Ds          , Ww          , Ww          , Wo          , Wo          , Wo          , Wo          
Mm          , Mm          , Mm          , Mm^Ftr      , Mm          , Mm          , Mm          , Re          , Mm          , Mm          , Mm          , Mm          , Mm          , Ww          , Ww          , Ww          , Hh          , Ww          , Gg^Vh       , Gg          , Ww          , Ww          , Ww          , Ww          , Gg          , Gs^Fp       , Gg          , Gs^Fp       , Gs^Fp       , Gg          , Gg          , Wo          , Gs^Ft       , Gs^Ft       , Ds          , Ds          , Ww          , Ww          , Wo          , Wo          , Wo          , Wo          
Mm          , Mm          , Mm          , Mm          , Mm          , Mm          , Mm          , Re          , Mm          , Mm          , Mm          , Mm          , Mm          , Mm          , Hh          , Ww          , Hh          , Gg          , Gg          , Gg          , Wwf         , Ww          , Gg^Efm      , Ww          , Gg^Vh       , Gs^Fp       , Gs^Fp       , Ss          , Gs^Fp       , Gs^Fp       , Ss          , Wo          , Gs^Ft       , Ds          , Ds          , Ds          , Ds          , Ww          , Ww          , Wo          , Wo          , Wo          
Mm          , Mm          , Mm          , Mm          , Mm          , Mm          , Mm          , Re          , Re          , Mm          , Mm          , Mm          , Mm          , Mm          , Hh          , Hh          , Gg          , Gg          , Ss          , Wwf         , Gg          , Gg          , Gg          , Wwf         , Ww          , Ww          , Gs^Fp       , Gs^Fp       , Ss          , Ce^Dr       , Ss^Vhs      , Ss          , Ds          , Ds          , Ds          , Ds          , Ds          , Ds          , Ww          , Wo          , Wo          , Wo          
Mm          , Mm          , Mm          , Mm          , Mm          , Mm          , Mm          , Mm          , Re          , Mm          , Mm          , Mm          , Mm          , Wwf         , Hh          , Hh          , Gg          , Ss          , Ss^Vm       , Ww          , Gg          , Re^Gvs      , Re^Gvs      , Gg          , Gg          , Ww          , Ww          , Gg          , Ww          , Re          , Gg          , Ss          , Ds          , Ds          , Wwr         , Wwr         , Ww          , Ww          , Wo          , Wo          , Wo          , Wo          
Mm          , Mm          , Mm          , Mm          , Mm          , Wo          , Mm          , Mm          , Mm          , Re          , Re          , Mm          , Mm          , Ww^Ewl      , Ww          , Gg          , Ww          , Ww^Ewf      , Ww          , Ww          , Gg          , Re^Gvs      , Re^Gvs      , Re^Gvs      , Gg^Efm      , Ww          , Gg^Efm      , Ww          , Ww          , Ss          , Ww          , Wo          , Ds          , Ds          , Ww          , Ww          , Wwr         , Wwr         , Wo          , Wo          , Wo          , Wo          
Mm          , Mm          , Mm          , Mm          , Mm          , Mm          , Mm          , Mm          , Mm          , Mm          , Re          , Mm^Vhh      , Hh          , Hh^Fp       , Hh^Fp       , Ww          , Ss          , Ss          , Ss          , Ss          , Gg          , Re^Gvs      , Re^Gvs      , Re^Gvs      , Re^Gvs      , Gg^Efm      , Gg^Efm      , Ww          , Gg          , Re          , Ss          , Wo          , Wo          , Wo          , Wo          , Wwr         , Wo          , Wwr         , Wo          , Wo          , Wo          , Wo          
Mm          , Mm          , Mm          , Mm          , Mm          , Mm          , Mm          , Mm          , Mm          , Mm          , Mm          , Re          , Hh          , Hh^Fp       , Gg          , Hh^Fp       , Ss          , Ss          , Ss          , Ss          , Ss          , Re^Gvs      , Re^Gvs      , Re^Gvs      , Re^Gvs      , Re^Gvs      , Gg          , Gg          , Re          , Re          , Ss          , Ss          , Ss          , Ss          , Ss          , Wo          , Wo          , Wo          , Wo          , Wo          , Wwr         , Wwr         
Mm          , Mm          , Mm          , Mm          , Wo          , Wo^Ewf      , Mm          , Mm^Xm       , Mm^Xm       , Mm          , Re          , Re          , Re          , Gg          , Gg          , Gg^Efm      , Gg^Efm      , Gg^Efm      , Gg          , Ss          , Ss          , Gg          , Re^Gvs      , Re^Gvs      , Gg^Efm      , Gg          , Re          , Re          , Ss          , Ss          , Ss          , Ss          , Ss          , Ss^Vm       , Ww          , Wo          , Wo          , Wo          , Wo          , Wo          , Wo          , Wwr         
Mm          , Mm          , Mm^Xm       , Mm          , Mm          , Wo          , Wo          , Mm^Xm       , Mm          , Mm          , Re          , Hh          , Hh          , Re          , Re          , Gg          , Gg          , Gg^Efm      , Ss          , Ss          , Ss          , Gg          , Gg          , Re^Gvs      , Gg^Efm      , Gg          , Re          , Ss          , Ss          , Ss          , Ss          , Ss          , Ss          , Ww          , Wo          , Wo          , Wo          , Wo          , Wo          , Wo          , Wo          , Wo          
Mm          , Mm^Xm       , Mm^Xm       , Mm^Xm       , Mm^Xm       , Mm^Xm       , Mm          , Wo          , Re          , Re          , Wwf         , Wwf         , Wo          , Wwf         , Ss          , Re          , Re          , Gg          , Gg          , Ss          , Ss          , Ss          , Re          , Gg^Vl       , Gg          , Gg          , Re          , Ss          , Ww          , Ww          , Ww          , Ww          , Ww          , Ww          , Wo          , Wo          , Wo          , Wo          , Wo          , Wo          , Wo          , Wo          
Mm^Xm       , Mm^Xm       , Mm^Xm       , Mm^Xm       , Mm^Xm       , Mm^Xm       , Mm          , Wo          , Wo^Bp|      , Wo          , Wo          , Wo          , Wo          , Wo          , Wo          , Ss          , Ss          , Re          , Re          , Re          , Re          , Re          , Ss          , Re          , Re          , Re          , Ww          , Ww          , Wo          , Wo          , Wo          , Wo          , Wo          , Wo          , Wo          , Wo          , Wo          , Wo          , Wo          , Wo          , Wo          , Wo          
Mm^Xm       , Mm^Xm       , Mm^Xm       , Mm^Xm       , Mm^Xm       , Mm^Xm       , Mm^Xm       , Wo          , Wo^Bp|      , Wo          , Wo          , Wo          , Wo          , Wo          , Ss          , Ss          , Ss          , Ss          , Ss          , Ss          , Ss          , Ss          , Ss          , Ss          , Ww          , Ww          , Wo          , Wo          , Wo          , Wo          , Wo          , Wo          , Wo          , Wo          , Wo          , Wo          , Wo          , Wo          , Wo          , Wo          , Wo          , Wo          
Mm          , Mm^Xm       , Mm          , Mm          , Mm          , Mm^Xm       , Wo^Bw/      , Wo^Bp/      , Wo          , Wo          , Wo          , Wo          , Wo          , Ss          , Ss          , Ss          , Ss          , Ss          , Ss          , Ss          , Ss          , Ss          , Ss          , Ss          , Ss          , Ww          , Wo          , Wo          , Wo          , Wo          , Wo          , Wo          , Wo          , Wo          , Wo          , Wo          , Wo          , Wo          , Wo          , Wo          , Wo          , Wo          
Mm          , Mm          , Mm          , Mm          , Re          , Wo^Bw/      , Wwf         , Wo          , Wo          , Wo          , Wo          , Wo          , Ss          , Ss          , Ds          , Ss          , Ss          , Ss          , Ss          , Ss          , Ss          , Ss          , Ss          , Ss          , Ww          , Ww          , Wo          , Wo          , Wo          , Wo          , Wo          , Wo          , Wo          , Wo          , Wo          , Wo          , Wo          , Wo          , Wo          , Wo          , Wo          , Wo          
Mm          , Mm          , Mm          , Mm          , Re          , Wwf         , Wo          , Wo          , Wo          , Wo          , Ww          , Ss          , Wwf         , Ds          , Ds          , Ss          , Ss          , Ss          , Ss          , Ss          , Ss          , Ss          , Ss          , Ww          , Ww          , Wo          , Wo          , Wo          , Wo          , Wo          , Wo          , Wo          , Wo          , Wo          , Wo          , Wo          , Wo          , Wo          , Wo          , Wo          , Wo          , Wo          
Mm          , Mm          , Mm          , Mm^Ve       , Re          , Wo^Es       , Wo          , Wo          , Ss          , Wo          , Ss          , Ww          , Ww          , Ss          , Ss          , Ss          , Ss          , Ss          , Ss          , Ss          , Ss          , Ss          , Ss          , Ww          , Ww          , Wo          , Wo          , Wo          , Wo          , Wo          , Wo          , Wo          , Wo          , Wo          , Wo          , Wo          , Wo          , Wo          , Wo          , Wo          , Wo          , Wo          
Mm          , Mm          , Re^Es       , Re          , Wo^Es       , Wwf^Bw\     , Wo^Bw\      , Ss          , Ss^Bw/      , Ss^Vhs      , Ss^Bw\      , Ss^Vhs      , Ww^Bw/      , Ss^Vhs      , Ss          , Ss          , Ss          , Ss          , Ww          , Ss          , Ss          , Ss          , Ss          , Ww          , Wo          , Wo          , Wo          , Wo          , Wo          , Wo          , Wo          , Wo          , Wo          , Wo          , Wo          , Wo          , Wo          , Wo          , Wo          , Wo          , Wo          , Wo          
Mm          , Mm          , Mm          , Re          , Wo          , Wo          , Wo          , Ss^Vhs      , Ss^Bw\      , Ss          , Ss^Bw/      , Ss^Vhs      , Ww          , Ss          , 2 Khs       , Chs         , Ss          , Ss          , Ww          , Ss          , Ss          , Ss          , Ss          , Wo          , Wo          , Wo          , Wo          , Wo          , Wo          , Wo          , Wo          , Wo          , Wo          , Wo          , Wo          , Wo          , Wo          , Wo          , Wo          , Wo          , Wo          , Wo          
Mm          , Mm          , Mm          , Re          , Wo          , Wo          , Ss          , Ss          , Ss^Vhs      , Ss^Bw\      , Ss^Bw\      , Ss          , Ss          , Chw         , Chs         , Chs         , Ss          , Ss          , Ss          , Ww          , Wo          , Ss          , Wo          , Wo          , Wo          , Wo          , Wo          , Wo          , Wo          , Wo          , Wo          , Wo          , Wo          , Wo          , Wo          , Wo          , Wo          , Wo          , Wo          , Wo          , Wo          , Wo          
Mm^Xm       , Mm          , Wwf^Es      , Re          , Wo          , Wo          , Wo          , Ss          , Ss          , Ss          , Ss^Bw|      , Ss          , Hh          , Ss          , Hh          , Ss          , Ss          , Ss          , Ss          , Ss          , Wo          , Wo          , Wo          , Wo          , Wo          , Wo          , Wo          , Wo          , Wo          , Wo          , Wo          , Wo          , Wo          , Wo          , Wo          , Wo          , Wo          , Wo          , Wo          , Wo          , Wo          , Wo          
