border_size=1
usage=map

Wo          , Wwr         , Wwr         , Wwr         , Wo          , Wo          , Wo          , Wo          , Wo          , Wo          , Wo          , Wo          , Wo          , Ww          , Ww          , Ww          , Ww          , Ww          , Dd          , Gs          , Gs          , Gs          , Rp          , Rr^Vhc      , Rr          , Gs^Ft       , Gs^Vht      , Gs^Ft       , Gs^Ftp      , Dd          , Gs^Ft       , Gs          , Gs^Eff      , Gs^Eff      , Hh^Ft       , Hh^Ft       , Gs^Ft       , Gs^Ft       , Hh^Ft       , Hh^Ft       , Hh^Ft       , Hh^Ftr      , Hh^Ftr      , Hh^Ftr      , Hh^Ftr      , Mm          , Hh^Ft       , Mm          , Mm          , Mm          , Mm          , Mm          , Mm          , Mm          , Wo          , Wo          , Wo          , Mm          , Mm          , Mm          
Wo          , Wo          , Wo          , Wo          , Wo          , Wo          , Wo          , Wo          , Wo          , Wo          , Wo          , Wo          , Ww          , Ww          , Ww          , Ww          , Ww          , Ww          , Dd          , Gs          , Rp          , Rp^Vhc      , Rr          , Rr          , Rp          , Rp          , Gs^Ft       , Dd          , Dd^Ecf      , Dd          , Gs^Ft       , Gs          , Gs          , Gs^Eff      , Gs^Eff      , Gs^Ft       , Gs^Ft       , Gs^Ft       , Gs^Ft       , Gs^Ft       , Gs^Ft       , Gs^Ft       , Gs^Ft       , Gs^Ftr      , Hh^Ftr      , Hh^Ftr      , Mm          , Mm          , Mm          , Mm          , Mm          , Mm^Xm       , Mm^Xm       , Mm^Xm       , Mm          , Wo          , Wo          , Wo          , Wo          , Mm          
Wo          , Wo          , Wo          , Wo          , Wo          , Wo          , Wo          , Wo          , Wo          , Wo          , Wo          , Wo          , Ww          , Ww          , Ww          , Ww          , Ww          , Ww          , Gs          , Rp          , Rr          , Rr          , Rr          , Rr          , Rr^Vhc      , Gs          , Gs^Ftp      , Dd          , Dd          , Dd          , Gs^Ft       , Gs          , Gs          , Gs          , Gs^Eff      , Gs^Eff      , Gs^Ft       , Gs^Ft       , Gs^Ft       , Gs^Ft       , Gs^Ft       , Gs^Ft       , Gs^Ft       , Gs^Ftr      , Hh^Ftr      , Hh^Ftr      , Mm          , Mm          , Mm          , Mm          , Mm          , Mm          , Mm          , Mm          , Mm          , Mm          , Mm          , Wo          , Wo          , Wo          
Wo          , Wo          , Wo          , Wo          , Wo          , Wo          , Wo          , Wo          , Wo          , Wo          , Wo          , Wo          , Ww          , Ww          , Ww          , Ww          , Ww          , Dd^Vda      , Gs          , Rp          , Ch          , Ch          , Rr          , Rr          , Gs          , Gs          , Gs^Ftp      , Gs^Ftp      , Gs^Ftp      , Gs^Ft       , Gs          , Gs          , Gs          , Gs          , Gs          , Gs^Eff      , Gs^Eff      , Gs^Ft       , Gs^Ft       , Gs^Ft       , Gs^Ft       , Gs^Ft       , Gs^Ft       , Gs^Ft       , Hh^Ftr      , Hh^Ftr      , Mm          , Mm          , Mm          , Mm          , Mm          , Mm          , Mm          , Mm          , Mm          , Mm          , Mm          , Wo          , Mm          , Mm          
Wo          , Wo          , Wo          , Wo          , Wo          , Wo          , Wo          , Wo          , Wo          , Wo          , Wo          , Wo          , Ww          , Ww          , Ww          , Ww          , Ww          , Ww          , Ww^Ftp      , Ch          , 2 Kh        , Ch          , Rp          , Gs          , Gs          , Gs^Ft       , Gs^Gvs      , Gs^Gvs      , Gs^Gvs      , Gs^Gvs      , Gs          , Gs          , Gs          , Gs          , Gs          , Gs^Eff      , Gs^Eff      , Gs^Ft       , Gs^Ft       , Gs^Ft       , Gs^Ft       , Gs^Ft       , Hh^Ft       , Hh^Ft       , Mm          , Mm          , Mm          , Mm          , Mm          , Mm          , Mm          , Mm          , Mm          , Mm          , Mm          , Mm          , Mm          , Mm          , Mm          , Mm          
Wo          , Wo          , Wo          , Wo          , Wo          , Wo          , Wo          , Wo          , Wo          , Wo          , Wo          , Wo          , Ww          , Ww          , Ww          , Ww          , Ww^Ft       , Ww^Ftp      , Gs          , Gg^Fet      , Ch          , Ch          , Gs          , Rp          , Rp          , Gs^Ft       , Gs^Gvs      , Gs^Gvs      , Gs          , Gs          , Gs          , Gs          , Gs          , Gs          , Gs^Vht      , Gs^Ft       , Gs          , Gs^Eff      , Gs^Eff      , Gs^Eff      , Dd^Vdt      , Hh^Ft       , Mm          , Mm          , Mm          , Mm          , Mm          , Mm          , Hh^Ft       , Hh^Ft       , Mm          , Mm          , Mm          , Mm          , Mm          , Mm          , Mm^Xm       , Mm^Xm       , Mm          , Mm          
Wo          , Wo          , Wo          , Wo          , Wo          , Wo          , Wo          , Wo          , Wo          , Wo          , Wo          , Wo          , Ww          , Ww          , Ww          , Ww          , Ww^Ft       , Ww^Ft       , Gs^Ft       , Dd^Ftd      , Dd^Ftd      , Dd          , Dd          , Dd          , Gs^Ft       , Gs^Ft       , Rp^Vht      , Gs          , Re          , Re          , Re          , Gs          , Gs^Ft       , Gs^Ft       , Gs          , Gs^Ft       , Gs^Ft       , Gs          , Gs          , Dd          , Hd          , Mm          , Mm          , Mm          , Ww          , Wwf         , Hh          , Hh          , Gs          , Gs          , Gs          , Mm          , Hh          , Mm          , Mm          , Mm          , Mm          , Mm^Xm       , Mm^Xm       , Mm          
Wo          , Wo          , Wo          , Wo          , Wo          , Wo          , Wo          , Wo          , Wo          , Wo          , Wo          , Wo          , Ww          , Ww          , Ww          , Ww          , Ww^Ft       , Ww^Ftp      , Dd^Ftp      , Dd          , Dd^Ft       , Dd^Ft       , Dd          , Dd          , Rd          , Dd          , Gs^Ft       , Rp          , Hd          , Hd          , Gs^Ft       , Re          , Rd          , Gs^Ft       , Gs          , Gs          , Gs^Ft       , Gs^Ft       , Wo          , Dd          , Wo          , Mm          , Wo          , Wo          , Hh          , Hh          , Hh          , Hh          , Gs          , Hh^Ft       , Hh          , Hh          , Mm          , Mm          , Mm          , Mm          , Mm^Xm       , Mm          , Mm^Xm       , Mm          
Wo          , Wo          , Wo          , Wo          , Wo          , Wo          , Wo          , Wo          , Wo          , Wo          , Wo          , Wo          , Ww          , Ww          , Ww          , Ww          , Ww^Ft       , Ww^Ft       , Dd^Vda      , Dd          , Dd          , Dd          , Dd          , Rd          , Dd          , Dd          , Dd          , Gs          , Hd          , Hd^Ft       , Hd^Ft       , Dd          , Dd          , Rd          , Re          , Gs          , Wwf         , Wo          , Gs^Ft       , Wo          , Wo          , Wo          , Hh^Ft       , Hh^Ft       , Hh          , Hh          , Hh^Ft       , Hh^Ft       , Gs          , Hh^Ft       , Hh          , Hh^Ft       , Mm          , Mm          , Mm^Xm       , Mm^Xm       , Mm          , Mm          , Mm          , Mm^Xm       
Wo          , Wo          , Wo          , Wo          , Wo          , Wo          , Wo          , Wo          , Wo          , Wo          , Wo          , Wo          , Ww          , Ww          , Ww          , Ww          , Ww          , Ww^Ft       , Ww^Ftd      , Dd          , Dd          , Dd          , Rd          , Rd          , Dd          , Dd          , Dd          , Dd          , Hd          , Hd          , Hd^Ft       , Dd          , Dd          , Dd^Ft       , Gs^Ft       , Re          , Ww          , Mm          , Mm          , Dd          , Gs^Ft       , Wo          , Wo          , Hh^Ft       , Hh          , Hh          , Gs          , Gs          , Hh^Ft       , Hh^Ft       , Hh^Ft       , Ww          , Ww          , Ww          , Mm          , Wo          , Mm          , Mm          , Mm          , Mm          
Wo          , Wo          , Wo          , Wo          , Wo          , Wo          , Wo          , Wo          , Wo          , Wo          , Wo          , Wo          , Wo          , Ww          , Ww          , Ww          , Ww          , Ww^Ftd      , Ww          , Ww          , Wwr         , Dd          , Dd          , Dd          , Dd          , Dd          , Ww          , Wwr         , Wwr         , Wwf         , Hd          , Hd          , Hd          , Dd          , Ww          , Ww          , Ww          , Gs^Vct      , Mm          , Mm          , Mm          , Wwf         , Wo          , Wo          , Hh^Ft       , Hh          , Wo          , Wo          , Wo          , Wo          , Wwf         , Ww          , Wwf         , Mm          , Mm          , Mm^Xm       , Mm          , Mm          , Mm          , Wo          
Wo          , Wo          , Wo          , Wo          , Wo          , Wo          , Wo          , Wo          , Wo          , Wo          , Wo          , Wo          , Wo          , Ww          , Ww          , Ww          , Ww          , Ww          , Ww          , Ww          , Wwr         , Wwr         , Wwr         , Ww          , Ww          , Ww          , Ww          , Ww          , Dd^Ft       , Hd          , Hd^Ft       , Hd          , Ww          , Ww          , Gs^Ft       , Ww          , Ww^Ft       , Wwf         , Wo          , Mm          , Gs          , Mm^Xm       , Mm          , Wo          , Wo          , Wo          , Mm          , Mm          , Mm          , Mm          , Wwf         , Wwf         , Mm          , Mm          , Mm          , Mm          , Mm          , Mm          , Mm          , Mm          
Wo          , Wo          , Wo          , Wo          , Wo          , Wo          , Wo          , Wo          , Wo          , Wo          , Wo          , Wo          , Wo          , Ww          , Ww          , Ww          , Ww          , Ww          , Ww          , Ww          , Ww          , Wwr         , Wwr         , Ww          , Ds          , Ww          , Ds          , Dd          , Dd          , Hd          , Wwf         , Wwf         , Dd^Ft       , Dd^Ft       , Dd^Ft       , Gs^Ft       , Gs          , Gs^Ft       , Gs          , Wo          , Wo          , Mm          , Mm^Xm       , Mm          , Mm          , Mm          , Mm          , Mm          , Gs          , Wwf         , Gs          , Wwf         , Mm          , Mm^Xm       , Mm^Xm       , Mm          , Mm          , Mm          , Mm          , Mm          
Wo          , Wo          , Wwr         , Wo          , Wo          , Wo          , Wo          , Wo          , Wo          , Wo          , Wo          , Wo          , Wo          , Ww          , Ww          , Ww          , Ww          , Ww          , Ww          , Ww          , Ds          , Wwr         , Ds          , Ds          , Ds          , Ds          , Ds          , Ds          , Dd          , Wwr         , Hd          , Dd          , Rd          , Dd^Vda      , Dd          , Dd^Ft       , Dd          , Gs^Ft       , Mm          , Mm          , Mm          , Wo          , Mm^Xm       , Mm          , Mm^Xm       , Mm          , Mm          , Hh          , Hh          , Gs          , Hh          , Hh          , Mm          , Mm          , Mm^Xm       , Mm          , Mm          , Mm          , Mm          , Wo          
Wo          , Wwr         , Wwr         , Wo          , Wo          , Wo          , Wo          , Wo          , Wo          , Wo          , Wo          , Wo          , Wo          , Ww          , Ww          , Ww          , Ww          , Ww          , Ww          , Ww          , Ds          , Ds          , Rd          , Ds          , Ds          , Ds          , Ds          , Dd          , Ww          , Ww          , Dd          , Dd          , Rd          , Dd          , Dd          , Dd          , Mm          , Mm          , Mm          , Mm          , Mm          , Wo          , Wo          , Mm^Xm       , Mm^Xm       , Mm          , Mm^Xm       , Mm          , Mm          , Hh          , Mm          , Mm          , Mm^Xm       , Mm^Xm       , Mm          , Mm^Xm       , Mm^Xm       , Mm          , Mm          , Mm          
Wo          , Wwr         , Wwr         , Wwr         , Wo          , Wo          , Wo          , Wo          , Wo          , Wo          , Wo          , Wo          , Wo          , Wo          , Wo          , Ww          , Ww          , Ww          , Ww          , Ww          , Ds          , Ds          , Ds          , Ds          , Ds          , Ds          , Ww          , Ww          , Ww          , Dd          , Dd          , Dd          , Rd          , Dd          , Dd^Esd      , Mm          , Md          , Mm          , Mm^Xm       , Mm^Xm       , Mm^Xm       , Mm          , Mm          , Wwf         , Mm          , Mm^Xm       , Mm          , Mm^Xm       , Mm^Xm       , Mm          , Mm^Xm       , Mm^Xm       , Mm^Vc       , Mm          , Mm          , Mm          , Mm^Xm       , Mm^Xm       , Mm          , Mm          
Wo          , Wo          , Wwr         , Wwr         , Wwr         , Wo          , Wo          , Wo          , Wo          , Wo          , Wo          , Wo          , Wo          , Wo          , Wo          , Ww          , Ww          , Ww          , Ww          , Ww          , Ds          , Ds          , Wwr         , Wwr         , Ww          , Ww          , Ww          , Ww          , Dd          , Dd          , Rd          , Rd          , Dd          , Dd          , Md          , Md          , Md          , Md          , Mm          , Wo          , Mm          , Mm^Xm       , Mm^Xm       , Mm          , Mm          , Mm          , Wwf         , Mm^Xm       , Mm          , Mm^Xm       , Mm^Xm       , Mm          , Mm          , Mm          , Mm          , Mm          , Mm          , Mm^Xm       , Mm^Xm       , Mm          
Wo          , Wo          , Wo          , Wwr         , Wwr         , Wwr         , Wo          , Wo          , Wo          , Wo          , Wo          , Wo          , Wo          , Wo          , Wo          , Ww          , Ww          , Ww          , Ww          , Ww          , Ds          , Wwr         , Wwr         , Wwr         , Wwr         , Ww          , Dd          , Dd          , Rd          , Rd          , Dd          , Dd          , Md          , Md          , Md          , Md          , Md          , Md          , Mm          , Wwf         , Wo          , Mm          , Mm          , Mm^Xm       , Mm          , Mm          , Wo          , Mm          , Mm^Xm       , Mm^Xm       , Mm          , Mm          , Mm          , Mm          , Mm          , Mm          , Mm          , Mm          , Mm^Xm       , Mm          
Wo          , Wo          , Wo          , Wwr         , Wwr         , Wwr         , Wo          , Wo          , Wo          , Wo          , Wo          , Wo          , Wo          , Wo          , Wo          , Wo          , Wo          , Ww          , Ww          , Ww          , Ww          , Ww          , Ww          , Ww          , Dd          , Dd          , Dd          , Rd          , Dd^Esd      , Dd          , Md          , Md          , Md          , Md          , Md          , Md          , Mm          , Mm          , Mm          , Wo          , Mm          , Mm          , Mm          , Mm^Xm       , Mm^Xm       , Mm          , Mm          , Wo          , Wo          , Mm          , Mm          , Mm          , Mm          , Mm^Xm       , Mm^Xm       , Mm          , Mm          , Mm          , Mm^Xm       , Mm^Xm       
Wo          , Wo          , Wo          , Wo          , Wo          , Wo          , Wo          , Wo          , Wwf         , Wo          , Wo          , Wo          , Wo          , Wo          , Wo          , Wo          , Wo          , Ww          , Ww          , Ww          , Ww          , Ww          , Dd          , Dd          , Rd          , Dd          , Dd          , Rd          , Dd^Esd      , Md          , Md          , Md          , Md          , Md          , Md          , Md          , Mm          , Mm          , Mm          , Mm          , Mm^Xm       , Mm          , Mm          , Mm          , Mm          , Mm          , Mm          , Wo          , Wo          , Mm          , Mm          , Mm          , Mm          , Mm          , Mm^Xm       , Mm^Xm       , Mm^Xm       , Mm^Xm       , Mm          , Mm          
Wo          , Wo          , Wo          , Wo          , Wo          , Wo          , Wo          , Wwf         , Ds          , Wwf         , Wo          , Wo          , Wo          , Wo          , Wo          , Wo          , Wo          , Ww          , Ww          , Ww          , Ww          , Ww          , Ww          , Dd          , Dd          , Rd          , Dd          , Rd          , Hd^Esd      , Md          , Md          , Md          , Mm          , Md          , Md          , Md          , Mm          , Mm          , Mm          , Mm          , Mm^Xm       , Mm          , Mm          , Wo          , Wo          , Mm          , Mm          , Mm          , Mm          , Wo          , Mm^Xm       , Mm^Xm       , Mm          , Mm          , Mm          , Mm^Xm       , Mm^Xm       , Mm^Xm       , Mm          , Mm          
Wo          , Wo          , Wo          , Wo          , Wo          , Wo          , Wo          , Wwf         , Ds          , Wwf         , Wo          , Wo          , Wo          , Wo          , Wo          , Wo          , Wo          , Wo          , Wo          , Ww          , Ww          , Ww          , Ww          , Dd          , Dd          , Dd          , Dd          , Dd^Dc       , Dd^Edpp     , Md          , Md          , Md          , Md          , Md          , Md          , Md          , Mm          , Mm          , Mm^Xm       , Mm          , Mm^Xm       , Mm          , Mm          , Wo          , Mm          , Mm          , Mm          , Mm          , Mm          , Mm          , Mm^Xm       , Mm          , Mm          , Mm          , Mm          , Mm          , Mm^Xm       , Mm^Xm       , Mm          , Mm          
Wo          , Wo          , Wo          , Wo          , Wo          , Wo          , Wo          , Wwf         , Wwf         , Wwf         , Wo          , Wo          , Wo          , Wo          , Wo          , Wo          , Wo          , Wo          , Wo          , Ww          , Ww          , Ww          , Ww          , Ww          , Ww          , Dd          , Dd          , Rd          , Hd          , Md          , Md          , Md          , Md^Xm       , Md          , Md          , Md          , Mm          , Mm          , Mm^Xm       , Mm^Xm       , Mm^Xm       , Mm          , Mm          , Mm          , Mm          , Mm          , Mm          , Mm          , Mm^Xm       , Mm^Xm       , Wwf         , Mm          , Mm          , Mm          , Mm          , Ww          , Mm          , Mm^Xm       , Mm          , Mm          
Wo          , Wo          , Wo          , Wo          , Wo          , Wo          , Wo          , Wo          , Wo          , Wo          , Wo          , Wo          , Wo          , Wo          , Wo          , Wo          , Wo          , Wo          , Wo          , Ww          , Ww          , Ww          , Ww          , Ww          , Ww          , Ww          , Dd          , Rd          , Hd          , Hd^Esd      , Hd^Esd      , Md^Xm       , Md^Xm       , Md^Xm       , Md^Xm       , Md          , Mm          , Mm          , Mm          , Mm          , Mm          , Mm^Xm       , Mm^Xm       , Mm          , Mm          , Mm          , Mm          , Mm^Xm       , Mm          , Mm^Xm       , Mm          , Ww          , Mm^Xm       , Mm          , Mm          , Mm          , Mm          , Mm^Xm       , Mm          , Mm          
Wo          , Wo          , Wo          , Wo          , Wo          , Wo          , Wo          , Wo          , Wo          , Wo          , Wo          , Wo          , Wwf         , Wo          , Wwf         , Wo          , Wo          , Wo          , Wo          , Wo          , Wwt         , Ww          , Ww          , Ww          , Ww          , Ww          , Ww          , Dd          , Dd          , Hd          , Hd          , Hd^Esd      , Hd^Edpp     , Md^Xm       , Md^Xm       , Md          , Mm          , Mm          , Mm          , Mm          , Mm          , Mm          , Mm^Xm       , Mm^Xm       , Wo          , Mm          , Mm          , Mm          , Mm          , Mm          , Mm          , Mm          , Mm^Xm       , Mm          , Mm          , Mm          , Mm          , Mm          , Mm          , Mm          
Wo          , Wo          , Wo          , Wo          , Wo          , Wo          , Wo          , Wo          , Wo          , Wo          , Wo          , Wo          , Wwf         , Wwf         , Wwf         , Wo          , Wo          , Wo          , Wo          , Wo          , Wot         , Wwt         , Wwt         , Ww          , Ww          , Ww          , Ww          , Dd          , Rd          , Dd          , Hd          , Hd^Edpp     , Md          , Md^Xm       , Md          , Mm          , Mm          , Mm          , Mm          , Mm          , Mm          , Mm^Xm       , Mm          , Hh          , Wo          , Wo          , Wo          , Mm          , Mm^Xm       , Mm          , Mm          , Mm          , Mm          , Mm^Xm       , Mm          , Mm          , Mm          , Mm          , Mm          , Mm          
Wo          , Wo          , Wo          , Wo          , Wo          , Wo          , Wo          , Wo          , Wo          , Wo          , Wo          , Wwf         , Wwf         , Hd          , Hd^Esd      , Wwf         , Ww          , Wo          , Wo          , Wot         , Wot         , Wot         , Wwt         , Ww          , Ww          , Ww          , Ww          , Dd          , Rd          , Dd          , Cd          , 1 Kd        , Md          , Md          , Md          , Md          , Md          , Mm          , Mm          , Mm          , Mm          , Mm^Xm       , Mm          , Mm          , Wwf         , Wo          , Wo          , Wo          , Mm^Xm       , Mm          , Mm          , Mm          , Mm^Xm       , Mm^Xm       , Mm^Xm       , Mm          , Mm^Xm       , Mm          , Mm^Xm       , Mm          
Wo          , Wo          , Wo          , Wo          , Wo          , Wwf         , Ds^Ft       , Wwf^Ft      , Wo^Ft       , Wo          , Wo          , Wo          , Wwf         , Hd          , Ds          , Ds          , Ww          , Wo          , Wot         , Wot         , Wot         , Wot         , Wwt         , Wwt         , Wwt         , Ww          , Ww          , Dd          , Rd          , Dd          , Cd          , Md          , Md          , Md          , Md          , Md          , Md          , Md          , Md          , Mm          , Mm          , Mm          , Wwf         , Wwf         , Wo          , Wwf         , Mm          , Mm          , Mm^Xm       , Mm          , Mm          , Mm^Xm       , Mm          , Mm          , Mm          , Mm^Xm       , Mm          , Mm^Xm       , Mm          , Mm^Xm       
Wo          , Wo          , Wo          , Wo          , Wo          , Wwf         , Ds          , Dd^Do       , Wwt^Vm      , Wo          , Wo          , Wo          , Wo          , Wwf         , Wwf         , Ds          , Wot         , Wot         , Wot         , Wot         , Wot         , Wot         , Wwt         , Wwt         , Wwt         , Ww          , Ww          , Dd          , Rd          , Dd          , Cd          , Dd^Dc       , Dd^Edpp     , Md          , Md          , Md          , Md          , Md          , Md          , Md          , Mm          , Hh          , Mm          , Mm          , Mm          , Wo          , Wo          , Mm          , Mm          , Mm^Xm       , Mm^Xm       , Mm^Xm       , Mm^Xm       , Mm          , Mm          , Mm          , Mm          , Mm^Xm       , Mm^Xm       , Mm          
Wo          , Wo          , Wo          , Wo          , Wo          , Wo          , Wo          , Wwf         , Wot         , Wot         , Wot         , Wot         , Wot         , Wot         , Wot         , Wwf         , Wot         , Wot         , Wot         , Wot         , Wot         , Wot         , Wwt         , Wwt         , Wwt         , Wwt         , Wwt         , Dd          , Dd          , Rd          , Dd          , Cd          , Dd          , Hd^Vda      , Hd^Edpp     , Md          , Md          , Md          , Md          , Md          , Md          , Mm          , Mm^Xm       , Mm          , Mm          , Mm          , Mm          , Mm          , Mm          , Mm          , Mm          , Mm          , Mm^Xm       , Ww          , Ww          , Mm          , Mm          , Mm          , Mm          , Mm^Xm       
Wo          , Wo          , Wo          , Wo          , Wo          , Wo          , Wo          , Wo          , Wot         , Wot         , Wot         , Wot         , Wot         , Wot         , Wot         , Wot         , Wot         , Wot         , Wot         , Wot         , Wot         , Wwt         , Wwt         , Wwt         , Wwt         , Wwt         , Wwt         , Wwt         , Wwt         , Dd          , Dd          , Dd          , Dd^Dc       , Dd          , Dd^Edpp     , Md          , Md          , Md          , Md          , Md          , Md          , Md          , Md          , Mm          , Mm          , Mm          , Mm^Xm       , Mm          , Mm          , Mm          , Mm          , Mm          , Mm^Xm       , Mm          , Mm          , Ww          , Ww          , Ww          , Mm^Xm       , Mm^Xm       
Wo          , Wo          , Wo          , Wo          , Wo          , Wo          , Wo          , Wo          , Wot         , Wot         , Wot         , Wot         , Wot         , Wot         , Wot         , Wot         , Wot         , Wot         , Wot         , Wot         , Wot         , Wwt         , Wwt         , Wwt         , Wwt         , Wwt         , Wwt         , Wwt         , Wwt         , Wwt         , Wwt         , Dd          , Dd          , Dd          , Wwf^Es      , Md          , Md          , Md          , Md          , Md          , Md          , Md          , Md          , Md          , Wwf^Es      , Mm          , Mm          , Mm^Xm       , Mm^Xm       , Mm          , Mm          , Mm          , Wo          , Mm^Xm       , Mm          , Mm          , Mm^Xm       , Wwf         , Mm          , Mm^Xm       
Wo          , Wo          , Wo          , Wo          , Wwr         , Wo          , Wo          , Wot         , Wot         , Wot         , Wot         , Wot         , Wwf         , Wot         , Wwt         , Wwt         , Wwt^Vm      , Wot         , Wot         , Wot         , Wwt         , Wwt         , Wwt         , Wwt         , Wwt         , Wwt         , Wwt         , Wwt         , Wwt         , Wwt         , Wwt         , Wwt         , Wwt         , Wwt^Es      , Wwf^Es      , Md          , Wwf^Es      , Md          , Md          , Md          , Md          , Md          , Md          , Md          , Ww          , Ww          , Md          , Mm          , Mm          , Mm^Xm       , Mm          , Wo          , Mm          , Mm^Xm       , Mm^Xm       , Mm          , Ww          , Wwf         , Mm^Xm       , Mm^Xm       
Wo          , Wo          , Wo          , Wwr         , Wwr         , Wwr         , Wo          , Wot         , Wot         , Wot         , Wot         , Wwf         , Dd^Do       , Wwf^Ftd     , Wwt^Ftp     , Wwt^Ftp     , Wwt^Ftd     , Wwt^Ftp     , Wwt^Ftd     , Wwt         , Ds          , Dd^Do       , Ds          , Ds          , Ds          , Wwt         , Wwt         , Wwt         , Wwt         , Wwt         , Wwrt        , Wwrt        , Wwf         , Wwf         , Rr^Vd       , Md          , Ww          , Ww          , Ww          , Md          , Md          , Md          , Md          , Ww          , Mm          , Md          , Md          , Md          , Md          , Mm          , Wo          , Mm          , Mm          , Mm^Xm       , Mm          , Ww          , Mm          , Mm^Xm       , Mm          , Hh          
Wo          , Wo          , Wo          , Wwr         , Wwr         , Wwr         , Wo          , Wo          , Wot         , Wot         , Wot         , Wwf         , Wo          , Wwt         , Wwt         , Wwt^Ftp     , Wot         , Wwt^Ftd     , Wot         , Wwt         , Ds          , Ds          , Ds^Vct      , Dd^Dc       , Rd          , Ds          , Ds          , Wwt         , Wwrt        , Wwrt        , Wwrt        , Wwrt        , Wo          , Ww          , Ww          , Ww          , Wo          , Ww          , Wo          , Ww          , Ww          , Md          , Wwf         , Ww          , Wwf^Es      , Md          , Md          , Md          , Md          , Mm          , Mm          , Wo          , Mm          , Mm^Xm       , Mm^Xm       , Mm          , Mm^Xm       , Mm^Xm       , Mm          , Mm          
Wo          , Wo          , Wwr         , Wwr         , Wot         , Wwr         , Wot         , Wot         , Wot         , Wot         , Wot         , Wot         , Wwr         , Wwf         , Wwt         , Wwt         , Wwt         , Wot         , Wot         , Wot         , Ww          , Ds          , Dd^Dc       , Rd          , Ds^Ecf      , Rd          , Dd^Vct      , Ds          , Ds          , Wwrt        , Wwr         , Wwr         , Wo          , Wo          , Wo          , Wo          , Wo          , Wo          , Wo          , Wo          , Wo          , Ww          , Wo          , Wwf         , Md          , Md          , Md          , Md          , Wo          , Wo          , Wo          , Mm          , Wo          , Mm          , Mm          , Mm^Xm       , Mm^Xm       , Mm          , Wo          , Wo          
Wo          , Wo          , Wot         , Wot         , Wot         , Wot         , Wot         , Wot         , Wot         , Wot         , Wot         , Wot         , Wwr         , Wwf         , Wot         , Dd^Vdt      , Dd^Do       , Wwt         , Wwt         , Wot         , Wwrt        , Ds          , Ds          , Rd          , Rd          , Rd          , Dd          , Dd          , Dd          , Dd          , Wwr         , Wo          , Wo          , Wo          , Wo          , Wo          , Md          , Wo          , Wo          , Wo          , Wo          , Wo          , Wo          , Wo          , Md          , Md          , Md          , Md          , Md          , Wo          , Wo          , Wo          , Wo          , Wo          , Wo          , Wo          , Wo          , Wo          , Wo          , Wo          
Wot         , Wot         , Wot         , Wot         , Wot         , Wot         , Wot         , Wot         , Wot         , Wot         , Wwf         , Wwr         , Wot         , Wot         , Wot         , Ds          , Wwf         , Wwt         , Wwt         , Wwrt        , Wwrt        , Ds          , Ds          , Ds          , Dd          , Dd          , Hd^Esd      , Dd^Esd      , Md          , Ch          , Wwr         , Wo          , Wo          , Wo          , Wo          , Md          , Md          , Md          , Mm          , Wo          , Wo          , Wo          , Wo          , Wo          , Wo          , Md          , Md          , Md          , Md          , Md          , Md          , Md          , Md          , Md          , Md          , Wo          , Wo          , Wo          , Md          , Wo          
Wot         , Wot         , Wot         , Wot         , Wot         , Wot         , Wot         , Wot         , Wot         , Wot         , Wwt         , Wwt         , Wwt         , Wot         , Wot         , Wwr         , Wwf         , Wwt         , Wwrt        , Wwrt        , Wwf         , Ds          , Ds          , Dd          , Dd^Dc       , Dd^Vda      , Md          , Md          , Md^Xm       , Ch          , 4 Kh        , Wo          , Wo          , Wo          , Wo          , Wo          , Wo          , Md          , Mm          , Wwt^Vm      , Wo          , Wo          , Wo          , Wo          , Wo          , Wo          , Wo          , Md          , Md          , Md          , Md          , Md          , Md          , Hhd^Vd      , Md          , Wo          , Wo          , Md          , Hhd^Vd      , Md          
Wot         , Wot         , Wot         , Wot         , Wot         , Wot         , Wot         , Wot         , Wot         , Wot         , Ds          , Wwt         , Wwt         , Wwt         , Wwt^Vm      , Wwf         , Wwt         , Wwt         , Wwrt        , Wwrt        , Wwf         , Wwf         , Wwf         , Dd          , Wwt         , Md          , Md          , Md^Xm       , Md          , Md          , Md          , Chw         , Wwf^Es      , Wo          , Wo          , Wo          , Wo          , Wo          , Wo          , Mm          , Wo          , Wo          , Wo          , Wo          , Wo          , Wo          , Wo          , Wo          , Wo          , Md          , Md          , Md          , Md          , Md          , Wo          , Wo          , Wo          , Md          , Md          , Md          
Wot         , Wot         , Wot         , Wot         , Wot         , Wot         , Wot         , Wot         , Ds          , Ds          , Ds^Ft       , Ds          , Ds          , Wwt         , Wwt         , Wwt         , Wwt         , Wwt         , Wwf         , Wwf         , Wwt         , Wwt         , Wwt         , Wwt         , Wot         , Wwt         , Wwf^Es      , Md          , Md          , Md          , Md          , Md          , Md          , Wwr         , Wwr         , Wo          , Wo          , Wo          , Wo          , Wo          , Wo          , Wo          , Wo          , Wo          , Wo          , Wo          , Wo          , Wo          , Wo          , Wo          , Wo          , Md          , Wo          , Wo          , Wo          , Wo          , Wo          , Wo          , Wo          , Md          
Wot         , Wot         , Wot         , Wot         , Wot         , Wot         , Ds          , Ds          , Ds^Ft       , Ds^Ft       , Ds^Ftp      , Ds^Ft       , Ds^Ft       , Ds          , Ds          , Wwt         , Wwt         , Wwt^Vm      , Wwt         , Wwf         , Wwf         , Wwt         , Wwt         , Wot         , Wot         , Wwt         , Wo          , Wwf         , Wwf^Es      , Md          , Md          , Md          , Md          , Mm          , Mm          , Wwr         , Wwr         , Ww          , Ww          , Wo          , Wo          , Wo          , Wo          , Wo          , Wo          , Wo          , Wo          , Wo          , Wo          , Wo          , Wo          , Wo          , Wo          , Wo          , Wo          , Wo          , Wo          , Wo          , Wo          , Wo          
Wot         , Wot         , Wot         , Wot         , Wot         , Wot         , Ds          , Ds^Ft       , Ds^Ft       , Ds^Ft       , Hd^Ft       , Ds^Ftp      , Ds^Ftp      , Ds^Ft       , Ds          , Wwt         , Wwt         , Wwt         , Wwt         , Wwt         , Chw         , 3 Khw       , Khw         , Wot         , Wot         , Wot         , Wot         , Wwf         , Wwf         , Md^Vhcr     , Md          , Md          , Md          , Md^Xm       , Md          , Mm          , Mm          , Wwr         , Wwf^Es      , Ww          , Mm          , Mm          , Mm          , Mm          , Mm          , Wo          , Wo          , Wo          , Wo          , Wo          , Wo          , Wo          , Wo          , Wo          , Wo          , Wo          , Wo          , Wo          , Wo          , Wo          
Wot         , Wot         , Wot         , Wot         , Wot         , Wot         , Ds          , Ds^Ft       , Dd^Vdt      , Hd^Ft       , Md^Ft       , Hd^Ftp      , Ds^Ft       , Dd^Ft       , Ds          , Wwt         , Wwt         , Wwt         , Wwt         , Wwt         , Chw         , Wwf         , Wot         , Wot         , Wot         , Wot         , Wot         , Wot         , Wot         , Wwrt        , Wwrt        , Md          , Md          , Md          , Md          , Md          , Md          , Mm          , Md          , Mm          , Mm          , Mm          , Mm          , Mm          , Dd^Vda      , Mm          , Mm          , Mm          , Mm          , Wo          , Ww^Vm       , Mm          , Mm          , Mm          , Mm          , Wo          , Wo          , Wo          , Wo          , Wo          
Wot         , Wot         , Wot         , Wot         , Wot         , Wot         , Ds          , Ds^Ftr      , Dd^Ftr      , Hd^Ftr      , Hd^Ft       , Hd^Ft       , Ds^Ftp      , Ds^Ft       , Ds          , Wwt         , Wwt^Vm      , Wwt         , Wot         , Wot         , Wot         , Wot         , Wot         , Wot         , Wot         , Wot         , Wot         , Wot         , Wot         , Wot         , Wot         , Wwrt        , Wwrt        , Md          , Wwrt        , Md          , Md          , Md          , Md          , Mm          , Mm          , Mm          , Hh^Ft       , Hd^Ft       , Ds          , Dd^Do       , Hd^Ft       , Mm          , Mm          , Mm          , Mm          , Mm          , Mm          , Mm          , Rr^Vd       , Mm          , Mm          , Wo          , Wo          , Wo          
Wot         , Wot         , Wot         , Wot         , Wot         , Wot         , Ds          , Ds^Ft       , Ds^Ft       , Ds^Ftr      , Dd^Vdt      , Ds^Ft       , Ds^Ft       , Ds^Ft       , Ds          , Wwt         , Wwt         , Wot         , Wot         , Wot         , Wot         , Wot         , Wot         , Wot         , Wot         , Wot         , Wot         , Wot         , Wot         , Wot         , Wot         , Wot         , Wot         , Wwrt        , Wo          , Wwrt        , Wwrt        , Wwrt        , Wwrt        , Mm          , Mm          , Mm          , Md^Ft       , Hd^Ft       , Dd^Dc       , Hd^Ft       , Hd^Ft       , Hd^Ft       , Mm          , Mm          , Ds^Ft       , Dd^Es       , Mm          , Mm          , Mm          , Mm          , Mm          , Wo          , Wo          , Wo          
Wot         , Wot         , Wot         , Wot         , Wot         , Wot         , Wot         , Ds          , Ds          , Ds^Ft       , Dd^Do       , Ds^Ft       , Ds          , Ds          , Wwt         , Wwt         , Wot         , Wot         , Wot         , Wot         , Wot         , Wot         , Wot         , Wot         , Wot         , Wot         , Wot         , Wot         , Wot         , Wot         , Wot         , Wot         , Wot         , Wot         , Wot         , Wo          , Wo          , Wo          , Wo          , Wwrt        , Mm          , Md^Ft       , Hd^Ft       , Hd^Ft       , Hd^Ft       , Hd^Ft       , Hd^Ft       , Hd^Ft       , Hd^Ftp      , Hd^Ftp      , Ds^Ftd      , Mm          , Dd^Do       , Mm          , Mm          , Mm          , Mm          , Wo          , Wo          , Md          
Wot         , Wot         , Wot         , Wot         , Wot         , Wot         , Wot         , Wot         , Wot         , Ds          , Ds          , Ds          , Wwt         , Wwt         , Wot         , Wot         , Wot         , Wot         , Wot         , Wot         , Wot         , Wot         , Mm          , Wot         , Wot         , Wot         , Wot         , Wot         , Wot         , Wot         , Wot         , Wot         , Wot         , Wot         , Wot         , Wot         , Wo          , Wo          , Mm          , Mm          , Mm          , Md^Ft       , Dd^Ft       , Hd^Ft       , Hd^Ft       , Hd^Ft       , Dd^Vdt      , Mm          , Mm          , Mm          , Wot^Ewf     , Hd^Ftd      , Ds          , Ds          , Ds          , Mm          , Mm          , Wo          , Wo          , Wo          
Wot         , Wot         , Wot         , Wot         , Wot         , Wot         , Wot         , Wot         , Wot         , Wot         , Wot         , Wot         , Wot         , Wot         , Wot         , Wot         , Wot         , Wot         , Wot         , Wot         , Mm          , Mm          , Ww          , Mm          , Ds          , Wot         , Ds          , Ds          , Ds          , Wot         , Wot         , Wot         , Wot         , Wot         , Wot         , Wot         , Mm          , Mm          , Hh^Ft       , Hh^Ft       , Hd^Ft       , Dd^Ft       , Dd^Ft       , Dd^Ft       , Dd^Ft       , Dd^Ft       , Ds          , Hd^Ftd      , Mm          , Wot         , Wot         , Wwt         , Wwt         , Wwt         , Ds^Ecf      , Dd^Vdt      , Mm          , Mm          , Wo          , Wo          
Wot         , Wot         , Wot         , Wot         , Wot         , Wot         , Wot         , Wot         , Wot         , Wot         , Wot         , Wot         , Wot         , Wot         , Wot         , Wot         , Wot         , Wot         , Wot         , Wot         , Mm          , Ww          , Ww          , Mm          , Dd^Dc       , Ds          , Ds          , Ds          , Ww          , Wot         , Wot         , Wot         , Wot         , Wot         , Wot         , Wot         , Wwt         , Ch          , 5 Kh        , Hh^Ft       , Hh^Ft       , Hd^Ft       , Hd^Ft       , Dd          , Ds          , Ds          , Wwt         , Wwt         , Wot         , Wot         , Wot         , Wot         , Wot         , Wwt         , Mm          , Ds          , Mm          , Mm          , Wo          , Wo          
Wot         , Wot         , Wot         , Wot         , Wot         , Wot         , Wot         , Wot         , Wot         , Wot         , Wot         , Wot         , Wot         , Wot         , Wot         , Wot         , Wot         , Wot         , Wot         , Mm          , Mm          , Ww          , Mm          , Mm          , Ds          , Ds          , Ww          , Ww          , Ww          , Wot         , Wot         , Wot         , Wot         , Wot         , Wot         , Wot         , Wot         , Ch          , Chw         , Khw         , Md^Xm       , Hd^Ft       , Hd^Vdt      , Ds          , Wwt         , Wwt         , Wot         , Wot         , Wo          , Wo          , Mm          , Wo          , Wo          , Wot         , Wot         , Mm          , Mm          , Wo          , Wo          , Wo          
Wot         , Wot         , Wot         , Wot         , Wot         , Wot         , Wot         , Wot         , Wot         , Wot         , Wot         , Wot         , Wot         , Wot         , Wwrt        , Wot         , Wwrt        , Wot         , Wot         , Wot         , Wot         , Mm          , Wot         , Ds          , Ds          , Ds          , Ww          , Ww          , Wo          , Wot         , Wot         , Wot         , Wot         , Wot         , Wot         , Wot         , Wot         , Wwt         , Wwt         , Chw         , Md          , Md^Xm       , Md          , Md          , Wot         , Wot         , Wo          , Wo          , Mm          , Mm          , Wwg         , Mm          , Wo          , Wo          , Mm          , Mm          , Wo          , Wo          , Wo          , Wo          
Wo          , Wot         , Wot         , Wot         , Wot         , Wot         , Wot         , Wot         , Wot         , Wot         , Wot         , Wot         , Wot         , Wot         , Wot         , Wwrt        , Wwrt        , Wwrt        , Wwrt        , Wot         , Wot         , Wot         , Wot         , Wot         , Ds          , Ds          , Ww          , Ww          , Wot         , Wot         , Wot         , Wot         , Wot         , Wot         , Wot         , Wot         , Wot         , Wot         , Wot         , Wwt         , Wot         , Wwt         , Wot         , Hhd^Dr      , Wo          , Wo          , Wo          , Wo          , Mm          , Wwg         , Wwg         , Mm          , Wo          , Wo          , Wo          , Wo          , Wo          , Wo          , Wo          , Wo          
Wo          , Wot         , Wot         , Wot         , Wot         , Wot         , Wot         , Wot         , Wot         , Wot         , Wot         , Wot         , Wot         , Wot         , Wot         , Wot         , Wwrt        , Wwrt        , Wwrt        , Wot         , Wot         , Wot         , Wot         , Wot         , Wot         , Ds          , Wot         , Wot         , Wot         , Wot         , Wot         , Wot         , Wot         , Wot         , Wot         , Wot         , Wot         , Wot         , Wot         , Wot         , Wot         , Wot         , Wot         , Wo          , Wo          , Wo          , Wo          , Mm          , Mm          , Wwg         , Mm          , Mm          , Wo          , Wo          , Wo          , Wo          , Wo          , Wo          , Wo          , Wo          
Wo          , Wot         , Wot         , Wot         , Wot         , Wot         , Wot         , Wot         , Wot         , Wot         , Wot         , Wot         , Wot         , Wot         , Wot         , Wot         , Wwrt        , Wwrt        , Wot         , Wot         , Wot         , Wot         , Wot         , Wot         , Wot         , Wot         , Wot         , Wot         , Wot         , Wot         , Wot         , Wot         , Wot         , Wot         , Wot         , Wot         , Wot         , Wot         , Wot         , Wot         , Wot         , Wot         , Wot         , Wot         , Wot         , Wot         , Wot         , Wo          , Wo          , Mm          , Wo          , Wo          , Wo          , Wo          , Wo          , Wo          , Wo          , Wo          , Wo          , Wo          
Wo          , Wot         , Wot         , Wot         , Wot         , Wot         , Wot         , Wot         , Wot         , Wot         , Wot         , Wot         , Wot         , Wot         , Wot         , Wot         , Wo          , Wot         , Wo          , Wot         , Wot         , Wot         , Wot         , Wot         , Wot         , Wot         , Wot         , Wot         , Wot         , Wot         , Wot         , Wot         , Wot         , Wot         , Wot         , Wot         , Wot         , Wot         , Wot         , Wot         , Wot         , Wot         , Wo          , Wot         , Wo          , Wot         , Wo          , Wo          , Wo          , Wo          , Wo          , Wo          , Wo          , Wo          , Wo          , Wo          , Wo          , Wo          , Wo          , Wo          
